// <auto-generated />

using System.Drawing;
using System.Windows.Forms;

namespace People{
    /// <summary>
    ///  Bootstrap the application configuration.
    /// </summary>
    internal static partial class ProjectConfiguration
    {
        /// <summary>
        ///  Bootstrap the application as follows:
        ///  <code>
        ///  Application.EnableVisualStyles();
        ///  Application.SetHighDpiMode(HighDpiMode.PerMonitorV2);
        /// </code>
        /// </summary>
        public static void Initialize()
        {
            Application.EnableVisualStyles();
            Application.SetHighDpiMode(HighDpiMode.PerMonitorV2);
        }
    }
}
